// Jest Snapshot v1, https://goo.gl/fbAQLP

exports[`documentReducer component renders documentReducer 1`] = `<documentReducer />`;
