// Jest Snapshot v1, https://goo.gl/fbAQLP

exports[`Tabs component renders Tabs 1`] = `
<ContextProvider
  value={null}
>
  <Tabs
    handleChange={[Function]}
    handleClick={[Function]}
    handleDelete={[Function]}
    handleSubmit={[Function]}
    searchTerm=""
    store={
      Object {
        "dispatch": [Function],
        "getState": [Function],
        "replaceReducer": [Function],
        "subscribe": [Function],
        Symbol(observable): [Function],
      }
    }
    titles={
      Array [
        "default",
      ]
    }
  />
</ContextProvider>
`;
