// Jest Snapshot v1, https://goo.gl/fbAQLP

exports[`TabDeck component renders TabDeck 1`] = `
<ul
  className="TabDeck"
/>
`;
