// Jest Snapshot v1, https://goo.gl/fbAQLP

exports[`App component renders App 1`] = `
<div
  className="markdown-body"
  dangerouslySetInnerHTML={
    Object {
      "__html": "<p>hello</p>
",
    }
  }
/>
`;
